filegroup(
    name = "the-list",
    srcs = [
        "groups.axl",
        "list.axl",
    ],
)
