load("@aspect_rules_ts//ts:defs.bzl", "ts_project")
load("@deps-test//my:rules.bzl", "x_lib")
load("@npm//:defs.bzl", "npm_link_all_packages")

# gazelle:js_package_rule_kind js_library

npm_link_all_packages(name = "node_modules")

ts_project(
    name = "c",
    srcs = [
        "index.ts",
        "package.json",
    ],
    tsconfig = "//:tsconfig",
    deps = [":node_modules/@aspect-test/f"],
)

x_lib(
    name = "i",
    deps = ["//:node_modules/typescript"],
)
