load("@aspect_rules_js//npm:defs.bzl", "npm_package")
load("@aspect_rules_ts//ts:defs.bzl", "ts_project")
load("@deps-test//my:rules.bzl", "x_lib")
load("@npm//:defs.bzl", "npm_link_all_packages")

npm_link_all_packages(name = "node_modules")

ts_project(
    name = "b",
    srcs = [
        "index.ts",
        "package.json",
    ],
    deps = [":node_modules/@aspect-test/f"],
)

npm_package(
    name = "pkg",
    srcs = [":b"],
    visibility = ["//:__pkg__"],
)

x_lib(
    name = "i",
    deps = [
        "//:node_modules/typescript",
        "//lib/c:i",
    ],
)
