load("@deps-test//my:rules.bzl", "x_lib")

x_lib(
    name = "a_lib",
    srcs = ["a.x"],
    deps = [
        ":b_lib",
        "//lib:l_lib",
    ],
)

x_lib(
    name = "b_lib",
    srcs = ["b.x"],
    deps = ["//lib:l_lib"],
)
