filegroup(
    name = "all-files",
    srcs = [
        "copy-txt.axl",
        "filegroup.axl",
    ],
)
