load("@aspect_bazel_lib//lib:copy_to_bin.bzl", "copy_to_bin")

copy_to_bin(
    name = "ctb",
    srcs = [
        "a.txt",
        "b.txt",
    ],
)

filegroup(
    name = "all-files",
    srcs = [
        "a.txt",
        "b.txt",
        "x.sh",
    ],
)

sh_library(
    name = "shells",
    srcs = ["x.sh"],
)

sh_binary(
    name = "shells-bin",
    srcs = ["x.sh"],
)
