load("@deps-test//my:rules.bzl", "x_lib")

x_lib(name = "b")
