load("@npm//:defs.bzl", "npm_link_all_packages")

# gazelle:js_files postcss_config postcss.config.mjs

npm_link_all_packages(name = "node_modules")
