load("@deps-test//my:rules.bzl", "x_lib")
load("@npm//:defs.bzl", "npm_link_all_packages")

# gazelle:js_npm_package_target_name pkg

npm_link_all_packages(name = "node_modules")

x_lib(
    name = "i",
    deps = [":node_modules/typescript"],
)
