load("@aspect_rules_ts//ts:defs.bzl", "ts_project")
load("@deps-test//my:rules.bzl", "x_lib")
load("@npm//:defs.bzl", "npm_link_all_packages")

npm_link_all_packages(name = "node_modules")

ts_project(
    name = "a",
    srcs = [
        "index.ts",
        "package.json",
    ],
    tsconfig = "//:tsconfig",
    deps = [
        ":node_modules/@aspect-test/e",
        ":node_modules/@lib/b",
    ],
)

x_lib(
    name = "i",
    deps = [
        "//:node_modules/typescript",
        "//lib/b:i",
    ],
)
