load("@aspect_bazel_lib//lib:copy_to_bin.bzl", "copy_to_bin")

copy_to_bin(
    name = "keep",
    srcs = [
        "a.txt",
        "kept.txt",  # keep
    ],
)
